
> agendapro-clone@0.1.0 build
> next build

Γû▓ Next.js 16.1.7 (Turbopack)
- Environments: .env

node.exe : ΓÜá The "middleware" file convention is 
deprecated. Please use "proxy" instead. Learn more: 
https://nextjs.org/docs/messages/middleware-to-proxy
En línea: 1 Carácter: 1
+ & "C:\Program Files\nodejs/node.exe" "C:\Program 
Files\nodejs/node_mo ...
+ ~~~~~~~~~~~~~~~~~~~~~~~~~~~~~~~~~~~~~~~~~~~~~~~~~~
~~~~~~~~~~~~~~~~~~~
    + CategoryInfo          : NotSpecified: (    
ΓÜá The "middle...leware-to-proxy:String)     [], 
RemoteException
    + FullyQualifiedErrorId : NativeCommandEr    ror
 
  Creating an optimized production build ...
Γ£ô Compiled successfully in 1399.1ms
  Running TypeScript ...
  Collecting page data using 19 workers ...
Error [PrismaClientConstructorValidationError]: 
Using engine type "client" requires either 
"adapter" or "accelerateUrl" to be provided to 
PrismaClient constructor.
Read more at https://pris.ly/d/client-constructor
    at module evaluation (C:\Users\Dell\.gemini\anti
gravity\scratch\agendapro-clone\.next\server\chunks\
[root-of-the-server]__dacdc213._.js:1:1167)
    at instantiateModule (C:\Users\Dell\.gemini\anti
gravity\scratch\agendapro-clone\.next\server\chunks\
[turbopack]_runtime.js:740:9)
    at getOrInstantiateModuleFromParent (C:\Users\De
ll\.gemini\antigravity\scratch\agendapro-clone\.next
\server\chunks\[turbopack]_runtime.js:763:12)
    at Context.esmImport [as i] (C:\Users\Dell\.gemi
ni\antigravity\scratch\agendapro-clone\.next\server\
chunks\[turbopack]_runtime.js:228:20)
    at module evaluation (C:\Users\Dell\.gemini\anti
gravity\scratch\agendapro-clone\.next\server\chunks\
[root-of-the-server]__dacdc213._.js:1:1503)
    at instantiateModule (C:\Users\Dell\.gemini\anti
gravity\scratch\agendapro-clone\.next\server\chunks\
[turbopack]_runtime.js:740:9)
    at instantiateRuntimeModule (C:\Users\Dell\.gemi
ni\antigravity\scratch\agendapro-clone\.next\server\
chunks\[turbopack]_runtime.js:768:12)
Error [PrismaClientConstructorValidationError]: 
Using engine type "client" requires either 
"adapter" or "accelerateUrl" to be provided to 
PrismaClient constructor.
Read more at https://pris.ly/d/client-constructor
    at module evaluation (C:\Users\Dell\.gemini\anti
gravity\scratch\agendapro-clone\.next\server\chunks\
[root-of-the-server]__8d2a3cc9._.js:1:1167)
    at instantiateModule (C:\Users\Dell\.gemini\anti
gravity\scratch\agendapro-clone\.next\server\chunks\
[turbopack]_runtime.js:740:9)
    at getOrInstantiateModuleFromParent (C:\Users\De
ll\.gemini\antigravity\scratch\agendapro-clone\.next
\server\chunks\[turbopack]_runtime.js:763:12)
    at Context.esmImport [as i] (C:\Users\Dell\.gemi
ni\antigravity\scratch\agendapro-clone\.next\server\
chunks\[turbopack]_runtime.js:228:20)
    at module evaluation (C:\Users\Dell\.gemini\anti
gravity\scratch\agendapro-clone\.next\server\chunks\
[root-of-the-server]__8d2a3cc9._.js:1:1503)
    at instantiateModule (C:\Users\Dell\.gemini\anti
gravity\scratch\agendapro-clone\.next\server\chunks\
[turbopack]_runtime.js:740:9)
    at instantiateRuntimeModule (C:\Users\Dell\.gemi
ni\antigravity\scratch\agendapro-clone\.next\server\
chunks\[turbopack]_runtime.js:768:12)
Error [PrismaClientConstructorValidationError]: 
Using engine type "client" requires either 
"adapter" or "accelerateUrl" to be provided to 
PrismaClient constructor.
Read more at https://pris.ly/d/client-constructor
    at module evaluation (C:\Users\Dell\.gemini\anti
gravity\scratch\agendapro-clone\.next\server\chunks\
[root-of-the-server]__b7c734e9._.js:1:1167)
    at instantiateModule (C:\Users\Dell\.gemini\anti
gravity\scratch\agendapro-clone\.next\server\chunks\
[turbopack]_runtime.js:740:9)
    at getOrInstantiateModuleFromParent (C:\Users\De
ll\.gemini\antigravity\scratch\agendapro-clone\.next
\server\chunks\[turbopack]_runtime.js:763:12)
    at Context.esmImport [as i] (C:\Users\Dell\.gemi
ni\antigravity\scratch\agendapro-clone\.next\server\
chunks\[turbopack]_runtime.js:228:20)
    at module evaluation (C:\Users\Dell\.gemini\anti
gravity\scratch\agendapro-clone\.next\server\chunks\
[root-of-the-server]__b7c734e9._.js:1:1502)
    at instantiateModule (C:\Users\Dell\.gemini\anti
gravity\scratch\agendapro-clone\.next\server\chunks\
[turbopack]_runtime.js:740:9)
    at instantiateRuntimeModule (C:\Users\Dell\.gemi
ni\antigravity\scratch\agendapro-clone\.next\server\
chunks\[turbopack]_runtime.js:768:12)
Error [PrismaClientConstructorValidationError]: 
Using engine type "client" requires either 
"adapter" or "accelerateUrl" to be provided to 
PrismaClient constructor.
Read more at https://pris.ly/d/client-constructor
    at module evaluation (C:\Users\Dell\.gemini\anti
gravity\scratch\agendapro-clone\.next\server\chunks\
[root-of-the-server]__71727082._.js:1:1167)
    at instantiateModule (C:\Users\Dell\.gemini\anti
gravity\scratch\agendapro-clone\.next\server\chunks\
[turbopack]_runtime.js:740:9)
    at getOrInstantiateModuleFromParent (C:\Users\De
ll\.gemini\antigravity\scratch\agendapro-clone\.next
\server\chunks\[turbopack]_runtime.js:763:12)
    at Context.esmImport [as i] (C:\Users\Dell\.gemi
ni\antigravity\scratch\agendapro-clone\.next\server\
chunks\[turbopack]_runtime.js:228:20)
    at module evaluation (C:\Users\Dell\.gemini\anti
gravity\scratch\agendapro-clone\.next\server\chunks\
[root-of-the-server]__71727082._.js:1:1503)
    at instantiateModule (C:\Users\Dell\.gemini\anti
gravity\scratch\agendapro-clone\.next\server\chunks\
[turbopack]_runtime.js:740:9)
    at instantiateRuntimeModule (C:\Users\Dell\.gemi
ni\antigravity\scratch\agendapro-clone\.next\server\
chunks\[turbopack]_runtime.js:768:12)

> Build error occurred
Error: Failed to collect page data for 
/api/resources/[id]
    at ignore-listed frames {
  type: 'Error'
}
